// Vitest Snapshot v1, https://vitest.dev/guide/snapshot.html

exports[`ast parens multiline 1`] = `
[
  {
    "data": {
      "tokens": [
        ")",
      ],
    },
    "fileId": 0,
    "labels": [
      {
        "end": 26,
        "kind": "primary",
        "message": "somewhere here",
        "start": 0,
      },
    ],
    "notes": [
      "Some pairs of tokens like {} or () must be balanced.",
      "If you have hard time finding where token is missing, consider refactoring to reduce nesting of code.",
    ],
    "type": "MISSING_TOKEN",
  },
]
`;

exports[`ast parens multiline 2`] = `
{
  "children": [
    {
      "children": [
        {
          "children": [
            {
              "children": [
                {
                  "children": [],
                  "data": {
                    "position": {
                      "end": 9,
                      "start": 8,
                    },
                    "value": 1,
                  },
                  "type": "number",
                },
                {
                  "children": [],
                  "data": {
                    "position": {
                      "end": 19,
                      "start": 18,
                    },
                    "value": 2,
                  },
                  "type": "number",
                },
              ],
              "data": {
                "operator": "add",
                "position": {
                  "end": 19,
                  "start": 8,
                },
                "precedence": [
                  11,
                  11,
                ],
              },
              "type": "operator",
            },
          ],
          "data": {
            "operator": "parens",
            "position": {
              "end": 26,
              "start": 0,
            },
            "precedence": [
              null,
              null,
            ],
          },
          "type": "operator",
        },
        {
          "children": [],
          "data": {
            "position": {
              "end": 29,
              "start": 28,
            },
            "value": 3,
          },
          "type": "number",
        },
      ],
      "data": {
        "operator": "add",
        "position": {
          "end": 29,
          "start": 0,
        },
        "precedence": [
          11,
          11,
        ],
      },
      "type": "operator",
    },
    {
      "children": [],
      "data": {
        "position": {
          "end": 35,
          "start": 34,
        },
        "value": ")",
      },
      "type": "name",
    },
  ],
  "data": {},
  "type": "script",
}
`;
