// Vitest Snapshot v1, https://vitest.dev/guide/snapshot.html

exports[`advent of code 2023 day 1 single > flat map list impl 1`] = `[Function]`;
